Info: Starting: Create block symbol file (.bsf)
Info: qsys-generate C:\altera\15.0\lab3_qsys.qsys --block-symbol-file --output-directory=C:\Users\DCLAB\Documents\GitHub\DCLAB_2026_team05\Lab3\src\DE2_115\lab3_qsys --family="Cyclone IV E" --part=Unknown
Progress: Loading 15.0/lab3_qsys.qsys
Progress: Reading input file
Progress: Adding altpll_0 [altpll 15.0]
Progress: Parameterizing module altpll_0
Progress: Adding clk_0 [clock_source 15.0]
Progress: Parameterizing module clk_0
Progress: Building connections
Progress: Parameterizing connections
Progress: Validating
Progress: Done reading input file
Warning: lab3_qsys.altpll_0: altpll_0.areset_conduit must be exported, or connected to a matching conduit.
Warning: lab3_qsys.altpll_0: altpll_0.locked_conduit must be exported, or connected to a matching conduit.
Warning: lab3_qsys.altpll_0: altpll_0.phasedone_conduit must be exported, or connected to a matching conduit.
Warning: lab3_qsys.altpll_0: altpll_0.pll_slave must be connected to an Avalon-MM master
Info: ip-generate succeeded.
Info: Finished: Create block symbol file (.bsf)
Info: 
Info: Starting: Create HDL design files for synthesis
Info: qsys-generate C:\altera\15.0\lab3_qsys.qsys --synthesis=VERILOG --output-directory=C:\Users\DCLAB\Documents\GitHub\DCLAB_2026_team05\Lab3\src\DE2_115\lab3_qsys\synthesis --family="Cyclone IV E" --part=Unknown
Progress: Loading 15.0/lab3_qsys.qsys
Progress: Reading input file
Progress: Adding altpll_0 [altpll 15.0]
Progress: Parameterizing module altpll_0
Progress: Adding clk_0 [clock_source 15.0]
Progress: Parameterizing module clk_0
Progress: Building connections
Progress: Parameterizing connections
Progress: Validating
Progress: Done reading input file
Warning: lab3_qsys.altpll_0: altpll_0.areset_conduit must be exported, or connected to a matching conduit.
Warning: lab3_qsys.altpll_0: altpll_0.locked_conduit must be exported, or connected to a matching conduit.
Warning: lab3_qsys.altpll_0: altpll_0.phasedone_conduit must be exported, or connected to a matching conduit.
Warning: lab3_qsys.altpll_0: altpll_0.pll_slave must be connected to an Avalon-MM master
Info: lab3_qsys: Generating lab3_qsys "lab3_qsys" for QUARTUS_SYNTH
Info: altpll_0: "lab3_qsys" instantiated altpll "altpll_0"
Info: rst_controller: "lab3_qsys" instantiated altera_reset_controller "rst_controller"
Info: lab3_qsys: Done "lab3_qsys" with 3 modules, 5 files
Info: ip-generate succeeded.
Info: Finished: Create HDL design files for synthesis
