------------------------------------------------------------
TimeQuest Timing Analyzer Summary
------------------------------------------------------------

Type  : Slow 1200mV 85C Model Setup 'pll0|altpll_0|sd1|pll7|clk[1]'
Slack : -8.944
TNS   : -4703.766

Type  : Slow 1200mV 85C Model Setup 'AUD_BCLK'
Slack : -3.858
TNS   : -59.240

Type  : Slow 1200mV 85C Model Setup 'pll0|altpll_0|sd1|pll7|clk[0]'
Slack : 79.500
TNS   : 0.000

Type  : Slow 1200mV 85C Model Hold 'pll0|altpll_0|sd1|pll7|clk[1]'
Slack : 0.348
TNS   : 0.000

Type  : Slow 1200mV 85C Model Hold 'pll0|altpll_0|sd1|pll7|clk[0]'
Slack : 0.403
TNS   : 0.000

Type  : Slow 1200mV 85C Model Hold 'AUD_BCLK'
Slack : 0.440
TNS   : 0.000

Type  : Slow 1200mV 85C Model Minimum Pulse Width 'CLOCK_50'
Slack : 9.819
TNS   : 0.000

Type  : Slow 1200mV 85C Model Minimum Pulse Width 'CLOCK2_50'
Slack : 16.000
TNS   : 0.000

Type  : Slow 1200mV 85C Model Minimum Pulse Width 'CLOCK3_50'
Slack : 16.000
TNS   : 0.000

Type  : Slow 1200mV 85C Model Minimum Pulse Width 'AUD_BCLK'
Slack : 41.106
TNS   : 0.000

Type  : Slow 1200mV 85C Model Minimum Pulse Width 'pll0|altpll_0|sd1|pll7|clk[1]'
Slack : 41.278
TNS   : 0.000

Type  : Slow 1200mV 85C Model Minimum Pulse Width 'pll0|altpll_0|sd1|pll7|clk[0]'
Slack : 4999.712
TNS   : 0.000

Type  : Slow 1200mV 0C Model Setup 'pll0|altpll_0|sd1|pll7|clk[1]'
Slack : -8.058
TNS   : -4255.636

Type  : Slow 1200mV 0C Model Setup 'AUD_BCLK'
Slack : -3.662
TNS   : -57.142

Type  : Slow 1200mV 0C Model Setup 'pll0|altpll_0|sd1|pll7|clk[0]'
Slack : 79.813
TNS   : 0.000

Type  : Slow 1200mV 0C Model Hold 'pll0|altpll_0|sd1|pll7|clk[1]'
Slack : 0.339
TNS   : 0.000

Type  : Slow 1200mV 0C Model Hold 'pll0|altpll_0|sd1|pll7|clk[0]'
Slack : 0.354
TNS   : 0.000

Type  : Slow 1200mV 0C Model Hold 'AUD_BCLK'
Slack : 0.387
TNS   : 0.000

Type  : Slow 1200mV 0C Model Minimum Pulse Width 'CLOCK_50'
Slack : 9.799
TNS   : 0.000

Type  : Slow 1200mV 0C Model Minimum Pulse Width 'CLOCK2_50'
Slack : 16.000
TNS   : 0.000

Type  : Slow 1200mV 0C Model Minimum Pulse Width 'CLOCK3_50'
Slack : 16.000
TNS   : 0.000

Type  : Slow 1200mV 0C Model Minimum Pulse Width 'AUD_BCLK'
Slack : 41.198
TNS   : 0.000

Type  : Slow 1200mV 0C Model Minimum Pulse Width 'pll0|altpll_0|sd1|pll7|clk[1]'
Slack : 41.299
TNS   : 0.000

Type  : Slow 1200mV 0C Model Minimum Pulse Width 'pll0|altpll_0|sd1|pll7|clk[0]'
Slack : 4999.712
TNS   : 0.000

Type  : Fast 1200mV 0C Model Setup 'pll0|altpll_0|sd1|pll7|clk[1]'
Slack : -5.079
TNS   : -2713.370

Type  : Fast 1200mV 0C Model Setup 'AUD_BCLK'
Slack : -1.781
TNS   : -25.555

Type  : Fast 1200mV 0C Model Setup 'pll0|altpll_0|sd1|pll7|clk[0]'
Slack : 81.391
TNS   : 0.000

Type  : Fast 1200mV 0C Model Hold 'pll0|altpll_0|sd1|pll7|clk[1]'
Slack : 0.140
TNS   : 0.000

Type  : Fast 1200mV 0C Model Hold 'pll0|altpll_0|sd1|pll7|clk[0]'
Slack : 0.182
TNS   : 0.000

Type  : Fast 1200mV 0C Model Hold 'AUD_BCLK'
Slack : 0.199
TNS   : 0.000

Type  : Fast 1200mV 0C Model Minimum Pulse Width 'CLOCK_50'
Slack : 9.400
TNS   : 0.000

Type  : Fast 1200mV 0C Model Minimum Pulse Width 'CLOCK2_50'
Slack : 16.000
TNS   : 0.000

Type  : Fast 1200mV 0C Model Minimum Pulse Width 'CLOCK3_50'
Slack : 16.000
TNS   : 0.000

Type  : Fast 1200mV 0C Model Minimum Pulse Width 'AUD_BCLK'
Slack : 40.623
TNS   : 0.000

Type  : Fast 1200mV 0C Model Minimum Pulse Width 'pll0|altpll_0|sd1|pll7|clk[1]'
Slack : 41.417
TNS   : 0.000

Type  : Fast 1200mV 0C Model Minimum Pulse Width 'pll0|altpll_0|sd1|pll7|clk[0]'
Slack : 4999.780
TNS   : 0.000

------------------------------------------------------------
