Flow report for DE2_115
Fri May 29 21:22:22 2026
Quartus II 64-Bit Version 15.0.0 Build 145 04/22/2015 SJ Full Version


---------------------
; Table of Contents ;
---------------------
  1. Legal Notice
  2. Flow Summary
  3. Flow Settings
  4. Flow Non-Default Global Settings
  5. Flow Elapsed Time
  6. Flow OS Summary
  7. Flow Log
  8. Flow Messages
  9. Flow Suppressed Messages



----------------
; Legal Notice ;
----------------
Copyright (C) 1991-2015 Altera Corporation. All rights reserved.
Your use of Altera Corporation's design tools, logic functions 
and other software and tools, and its AMPP partner logic 
functions, and any output files from any of the foregoing 
(including device programming or simulation files), and any 
associated documentation or information are expressly subject 
to the terms and conditions of the Altera Program License 
Subscription Agreement, the Altera Quartus II License Agreement,
the Altera MegaCore Function License Agreement, or other 
applicable license agreement, including, without limitation, 
that your use is for the sole purpose of programming logic 
devices manufactured by Altera and sold by Altera or its 
authorized distributors.  Please refer to the applicable 
agreement for further details.



+----------------------------------------------------------------------------------+
; Flow Summary                                                                     ;
+------------------------------------+---------------------------------------------+
; Flow Status                        ; Successful - Fri May 29 21:22:13 2026       ;
; Quartus II 64-Bit Version          ; 15.0.0 Build 145 04/22/2015 SJ Full Version ;
; Revision Name                      ; DE2_115                                     ;
; Top-level Entity Name              ; DE2_115                                     ;
; Family                             ; Cyclone IV E                                ;
; Device                             ; EP4CE115F29C7                               ;
; Timing Models                      ; Final                                       ;
; Total logic elements               ; 1,300 / 114,480 ( 1 % )                     ;
;     Total combinational functions  ; 986 / 114,480 ( < 1 % )                     ;
;     Dedicated logic registers      ; 841 / 114,480 ( < 1 % )                     ;
; Total registers                    ; 841                                         ;
; Total pins                         ; 518 / 529 ( 98 % )                          ;
; Total virtual pins                 ; 0                                           ;
; Total memory bits                  ; 512 / 3,981,312 ( < 1 % )                   ;
; Embedded Multiplier 9-bit elements ; 0 / 532 ( 0 % )                             ;
; Total PLLs                         ; 1 / 4 ( 25 % )                              ;
+------------------------------------+---------------------------------------------+


+-----------------------------------------+
; Flow Settings                           ;
+-------------------+---------------------+
; Option            ; Setting             ;
+-------------------+---------------------+
; Start date & time ; 05/29/2026 21:21:10 ;
; Main task         ; Compilation         ;
; Revision Name     ; DE2_115             ;
+-------------------+---------------------+


+-----------------------------------------------------------------------------------------------------------------------------------------------------+
; Flow Non-Default Global Settings                                                                                                                    ;
+-------------------------------------+--------------------------------------------------------------+---------------+-------------------+------------+
; Assignment Name                     ; Value                                                        ; Default Value ; Entity Name       ; Section Id ;
+-------------------------------------+--------------------------------------------------------------+---------------+-------------------+------------+
; COMPILER_SIGNATURE_ID               ; 13870905072823.178006087011116                               ; --            ; --                ; --         ;
; MAX_CORE_JUNCTION_TEMP              ; 85                                                           ; --            ; --                ; --         ;
; MESSAGE_DISABLE                     ; 270007                                                       ; --            ; FFT_4096_fft_ii_0 ; --         ;
; MIN_CORE_JUNCTION_TEMP              ; 0                                                            ; --            ; --                ; --         ;
; MISC_FILE                           ; FFT_4096/synthesis/../FFT_4096.cmp                           ; --            ; --                ; --         ;
; MISC_FILE                           ; FFT_4096/synthesis/../../FFT_4096.qsys                       ; --            ; --                ; --         ;
; MISC_FILE                           ; final/synthesis/../final_qsys.cmp                            ; --            ; --                ; --         ;
; MISC_FILE                           ; final/synthesis/../final_qsys.qsys                           ; --            ; --                ; --         ;
; OUTPUT_IO_TIMING_FAR_END_VMEAS      ; Half Signal Swing                                            ; --            ; --                ; --         ;
; OUTPUT_IO_TIMING_FAR_END_VMEAS      ; Half Signal Swing                                            ; --            ; --                ; --         ;
; OUTPUT_IO_TIMING_NEAR_END_VMEAS     ; Half Vccio                                                   ; --            ; --                ; --         ;
; OUTPUT_IO_TIMING_NEAR_END_VMEAS     ; Half Vccio                                                   ; --            ; --                ; --         ;
; PARTITION_COLOR                     ; 16764057                                                     ; --            ; --                ; Top        ;
; PARTITION_FITTER_PRESERVATION_LEVEL ; PLACEMENT_AND_ROUTING                                        ; --            ; --                ; Top        ;
; PARTITION_NETLIST_TYPE              ; SOURCE                                                       ; --            ; --                ; Top        ;
; POWER_BOARD_THERMAL_MODEL           ; None (CONSERVATIVE)                                          ; --            ; --                ; --         ;
; POWER_PRESET_COOLING_SOLUTION       ; 23 MM HEAT SINK WITH 200 LFPM AIRFLOW                        ; --            ; --                ; --         ;
; PROJECT_OUTPUT_DIRECTORY            ; output_files                                                 ; --            ; --                ; --         ;
; SLD_FILE                            ; FFT_4096/synthesis/FFT_4096.debuginfo                        ; --            ; --                ; --         ;
; SLD_FILE                            ; final/synthesis/final_qsys.debuginfo                         ; --            ; --                ; --         ;
; SLD_INFO                            ; QSYS_NAME FFT_4096 HAS_SOPCINFO 1 GENERATION_ID 1779889268   ; --            ; FFT_4096          ; --         ;
; SLD_INFO                            ; QSYS_NAME final_qsys HAS_SOPCINFO 1 GENERATION_ID 1778498073 ; --            ; final_qsys        ; --         ;
; SMART_RECOMPILE                     ; On                                                           ; Off           ; --                ; --         ;
; SOPCINFO_FILE                       ; FFT_4096/synthesis/../../FFT_4096.sopcinfo                   ; --            ; --                ; --         ;
; SOPCINFO_FILE                       ; final/synthesis/../final_qsys.sopcinfo                       ; --            ; --                ; --         ;
; SYNTHESIS_ONLY_QIP                  ; On                                                           ; --            ; --                ; --         ;
; SYNTHESIS_ONLY_QIP                  ; On                                                           ; --            ; --                ; --         ;
+-------------------------------------+--------------------------------------------------------------+---------------+-------------------+------------+


+-------------------------------------------------------------------------------------------------------------------------------+
; Flow Elapsed Time                                                                                                             ;
+---------------------------+--------------+-------------------------+---------------------+------------------------------------+
; Module Name               ; Elapsed Time ; Average Processors Used ; Peak Virtual Memory ; Total CPU Time (on all processors) ;
+---------------------------+--------------+-------------------------+---------------------+------------------------------------+
; Analysis & Synthesis      ; 00:00:24     ; 1.0                     ; 4987 MB             ; 00:00:32                           ;
; Fitter                    ; 00:00:27     ; 1.6                     ; 6047 MB             ; 00:00:39                           ;
; Assembler                 ; 00:00:10     ; 1.0                     ; 4770 MB             ; 00:00:05                           ;
; TimeQuest Timing Analyzer ; 00:00:07     ; 1.0                     ; 4992 MB             ; 00:00:05                           ;
; Total                     ; 00:01:08     ; --                      ; --                  ; 00:01:21                           ;
+---------------------------+--------------+-------------------------+---------------------+------------------------------------+


+----------------------------------------------------------------------------------------+
; Flow OS Summary                                                                        ;
+---------------------------+------------------+-----------+------------+----------------+
; Module Name               ; Machine Hostname ; OS Name   ; OS Version ; Processor type ;
+---------------------------+------------------+-----------+------------+----------------+
; Analysis & Synthesis      ; DCLAB-GROUP5     ; Windows 7 ; 6.2        ; x86_64         ;
; Fitter                    ; DCLAB-GROUP5     ; Windows 7 ; 6.2        ; x86_64         ;
; Assembler                 ; DCLAB-GROUP5     ; Windows 7 ; 6.2        ; x86_64         ;
; TimeQuest Timing Analyzer ; DCLAB-GROUP5     ; Windows 7 ; 6.2        ; x86_64         ;
+---------------------------+------------------+-----------+------------+----------------+


------------
; Flow Log ;
------------
quartus_map --read_settings_files=on --write_settings_files=off DE2_115 -c DE2_115
quartus_fit --read_settings_files=off --write_settings_files=off DE2_115 -c DE2_115
quartus_asm --read_settings_files=off --write_settings_files=off DE2_115 -c DE2_115
quartus_sta DE2_115 -c DE2_115



