------------------------------------------------------------
TimeQuest Timing Analyzer Summary
------------------------------------------------------------

Type  : Slow 1200mV 85C Model Setup 'CLOCK_50'
Slack : -6.162
TNS   : -852.602

Type  : Slow 1200mV 85C Model Setup 'AUD_BCLK'
Slack : -0.660
TNS   : -8.116

Type  : Slow 1200mV 85C Model Setup 'pll0|altpll_0|sd1|pll7|clk[0]'
Slack : 10.070
TNS   : 0.000

Type  : Slow 1200mV 85C Model Setup 'pll0|altpll_0|sd1|pll7|clk[1]'
Slack : 81.728
TNS   : 0.000

Type  : Slow 1200mV 85C Model Hold 'CLOCK_50'
Slack : 0.384
TNS   : 0.000

Type  : Slow 1200mV 85C Model Hold 'pll0|altpll_0|sd1|pll7|clk[1]'
Slack : 0.402
TNS   : 0.000

Type  : Slow 1200mV 85C Model Hold 'pll0|altpll_0|sd1|pll7|clk[0]'
Slack : 0.404
TNS   : 0.000

Type  : Slow 1200mV 85C Model Hold 'AUD_BCLK'
Slack : 0.440
TNS   : 0.000

Type  : Slow 1200mV 85C Model Minimum Pulse Width 'CLOCK_50'
Slack : 9.419
TNS   : 0.000

Type  : Slow 1200mV 85C Model Minimum Pulse Width 'CLOCK2_50'
Slack : 16.000
TNS   : 0.000

Type  : Slow 1200mV 85C Model Minimum Pulse Width 'CLOCK3_50'
Slack : 16.000
TNS   : 0.000

Type  : Slow 1200mV 85C Model Minimum Pulse Width 'AUD_BCLK'
Slack : 41.026
TNS   : 0.000

Type  : Slow 1200mV 85C Model Minimum Pulse Width 'pll0|altpll_0|sd1|pll7|clk[1]'
Slack : 41.376
TNS   : 0.000

Type  : Slow 1200mV 85C Model Minimum Pulse Width 'pll0|altpll_0|sd1|pll7|clk[0]'
Slack : 4999.714
TNS   : 0.000

Type  : Slow 1200mV 0C Model Setup 'CLOCK_50'
Slack : -5.224
TNS   : -734.418

Type  : Slow 1200mV 0C Model Setup 'AUD_BCLK'
Slack : -0.523
TNS   : -6.351

Type  : Slow 1200mV 0C Model Setup 'pll0|altpll_0|sd1|pll7|clk[0]'
Slack : 10.965
TNS   : 0.000

Type  : Slow 1200mV 0C Model Setup 'pll0|altpll_0|sd1|pll7|clk[1]'
Slack : 81.881
TNS   : 0.000

Type  : Slow 1200mV 0C Model Hold 'CLOCK_50'
Slack : 0.338
TNS   : 0.000

Type  : Slow 1200mV 0C Model Hold 'pll0|altpll_0|sd1|pll7|clk[1]'
Slack : 0.354
TNS   : 0.000

Type  : Slow 1200mV 0C Model Hold 'pll0|altpll_0|sd1|pll7|clk[0]'
Slack : 0.355
TNS   : 0.000

Type  : Slow 1200mV 0C Model Hold 'AUD_BCLK'
Slack : 0.387
TNS   : 0.000

Type  : Slow 1200mV 0C Model Minimum Pulse Width 'CLOCK_50'
Slack : 9.443
TNS   : 0.000

Type  : Slow 1200mV 0C Model Minimum Pulse Width 'CLOCK2_50'
Slack : 16.000
TNS   : 0.000

Type  : Slow 1200mV 0C Model Minimum Pulse Width 'CLOCK3_50'
Slack : 16.000
TNS   : 0.000

Type  : Slow 1200mV 0C Model Minimum Pulse Width 'AUD_BCLK'
Slack : 41.157
TNS   : 0.000

Type  : Slow 1200mV 0C Model Minimum Pulse Width 'pll0|altpll_0|sd1|pll7|clk[1]'
Slack : 41.377
TNS   : 0.000

Type  : Slow 1200mV 0C Model Minimum Pulse Width 'pll0|altpll_0|sd1|pll7|clk[0]'
Slack : 4999.715
TNS   : 0.000

Type  : Fast 1200mV 0C Model Setup 'CLOCK_50'
Slack : -3.041
TNS   : -409.097

Type  : Fast 1200mV 0C Model Setup 'AUD_BCLK'
Slack : 0.384
TNS   : 0.000

Type  : Fast 1200mV 0C Model Setup 'pll0|altpll_0|sd1|pll7|clk[0]'
Slack : 14.538
TNS   : 0.000

Type  : Fast 1200mV 0C Model Setup 'pll0|altpll_0|sd1|pll7|clk[1]'
Slack : 82.554
TNS   : 0.000

Type  : Fast 1200mV 0C Model Hold 'AUD_BCLK'
Slack : 0.043
TNS   : 0.000

Type  : Fast 1200mV 0C Model Hold 'CLOCK_50'
Slack : 0.173
TNS   : 0.000

Type  : Fast 1200mV 0C Model Hold 'pll0|altpll_0|sd1|pll7|clk[1]'
Slack : 0.182
TNS   : 0.000

Type  : Fast 1200mV 0C Model Hold 'pll0|altpll_0|sd1|pll7|clk[0]'
Slack : 0.183
TNS   : 0.000

Type  : Fast 1200mV 0C Model Minimum Pulse Width 'CLOCK_50'
Slack : 9.200
TNS   : 0.000

Type  : Fast 1200mV 0C Model Minimum Pulse Width 'CLOCK2_50'
Slack : 16.000
TNS   : 0.000

Type  : Fast 1200mV 0C Model Minimum Pulse Width 'CLOCK3_50'
Slack : 16.000
TNS   : 0.000

Type  : Fast 1200mV 0C Model Minimum Pulse Width 'AUD_BCLK'
Slack : 40.540
TNS   : 0.000

Type  : Fast 1200mV 0C Model Minimum Pulse Width 'pll0|altpll_0|sd1|pll7|clk[1]'
Slack : 41.446
TNS   : 0.000

Type  : Fast 1200mV 0C Model Minimum Pulse Width 'pll0|altpll_0|sd1|pll7|clk[0]'
Slack : 4999.783
TNS   : 0.000

------------------------------------------------------------
