------------------------------------------------------------
TimeQuest Timing Analyzer Summary
------------------------------------------------------------

Type  : Slow 1200mV 85C Model Setup 'CLOCK_50'
Slack : -3.917
TNS   : -388.993

Type  : Slow 1200mV 85C Model Setup 'AUD_BCLK'
Slack : -0.796
TNS   : -10.088

Type  : Slow 1200mV 85C Model Setup 'pll0|altpll_0|sd1|pll7|clk[0]'
Slack : 13.407
TNS   : 0.000

Type  : Slow 1200mV 85C Model Setup 'pll0|altpll_0|sd1|pll7|clk[1]'
Slack : 81.392
TNS   : 0.000

Type  : Slow 1200mV 85C Model Hold 'CLOCK_50'
Slack : 0.370
TNS   : 0.000

Type  : Slow 1200mV 85C Model Hold 'pll0|altpll_0|sd1|pll7|clk[0]'
Slack : 0.403
TNS   : 0.000

Type  : Slow 1200mV 85C Model Hold 'pll0|altpll_0|sd1|pll7|clk[1]'
Slack : 0.405
TNS   : 0.000

Type  : Slow 1200mV 85C Model Hold 'AUD_BCLK'
Slack : 0.440
TNS   : 0.000

Type  : Slow 1200mV 85C Model Minimum Pulse Width 'CLOCK_50'
Slack : 9.464
TNS   : 0.000

Type  : Slow 1200mV 85C Model Minimum Pulse Width 'CLOCK2_50'
Slack : 16.000
TNS   : 0.000

Type  : Slow 1200mV 85C Model Minimum Pulse Width 'CLOCK3_50'
Slack : 16.000
TNS   : 0.000

Type  : Slow 1200mV 85C Model Minimum Pulse Width 'AUD_BCLK'
Slack : 41.095
TNS   : 0.000

Type  : Slow 1200mV 85C Model Minimum Pulse Width 'pll0|altpll_0|sd1|pll7|clk[1]'
Slack : 41.376
TNS   : 0.000

Type  : Slow 1200mV 85C Model Minimum Pulse Width 'pll0|altpll_0|sd1|pll7|clk[0]'
Slack : 4999.711
TNS   : 0.000

Type  : Slow 1200mV 0C Model Setup 'CLOCK_50'
Slack : -3.540
TNS   : -353.989

Type  : Slow 1200mV 0C Model Setup 'AUD_BCLK'
Slack : -0.646
TNS   : -7.783

Type  : Slow 1200mV 0C Model Setup 'pll0|altpll_0|sd1|pll7|clk[0]'
Slack : 14.061
TNS   : 0.000

Type  : Slow 1200mV 0C Model Setup 'pll0|altpll_0|sd1|pll7|clk[1]'
Slack : 81.589
TNS   : 0.000

Type  : Slow 1200mV 0C Model Hold 'CLOCK_50'
Slack : 0.342
TNS   : 0.000

Type  : Slow 1200mV 0C Model Hold 'pll0|altpll_0|sd1|pll7|clk[0]'
Slack : 0.354
TNS   : 0.000

Type  : Slow 1200mV 0C Model Hold 'pll0|altpll_0|sd1|pll7|clk[1]'
Slack : 0.357
TNS   : 0.000

Type  : Slow 1200mV 0C Model Hold 'AUD_BCLK'
Slack : 0.387
TNS   : 0.000

Type  : Slow 1200mV 0C Model Minimum Pulse Width 'CLOCK_50'
Slack : 9.484
TNS   : 0.000

Type  : Slow 1200mV 0C Model Minimum Pulse Width 'CLOCK2_50'
Slack : 16.000
TNS   : 0.000

Type  : Slow 1200mV 0C Model Minimum Pulse Width 'CLOCK3_50'
Slack : 16.000
TNS   : 0.000

Type  : Slow 1200mV 0C Model Minimum Pulse Width 'AUD_BCLK'
Slack : 41.189
TNS   : 0.000

Type  : Slow 1200mV 0C Model Minimum Pulse Width 'pll0|altpll_0|sd1|pll7|clk[1]'
Slack : 41.377
TNS   : 0.000

Type  : Slow 1200mV 0C Model Minimum Pulse Width 'pll0|altpll_0|sd1|pll7|clk[0]'
Slack : 4999.710
TNS   : 0.000

Type  : Fast 1200mV 0C Model Setup 'CLOCK_50'
Slack : -2.164
TNS   : -218.161

Type  : Fast 1200mV 0C Model Setup 'AUD_BCLK'
Slack : 0.299
TNS   : 0.000

Type  : Fast 1200mV 0C Model Setup 'pll0|altpll_0|sd1|pll7|clk[0]'
Slack : 16.486
TNS   : 0.000

Type  : Fast 1200mV 0C Model Setup 'pll0|altpll_0|sd1|pll7|clk[1]'
Slack : 82.382
TNS   : 0.000

Type  : Fast 1200mV 0C Model Hold 'CLOCK_50'
Slack : 0.156
TNS   : 0.000

Type  : Fast 1200mV 0C Model Hold 'AUD_BCLK'
Slack : 0.179
TNS   : 0.000

Type  : Fast 1200mV 0C Model Hold 'pll0|altpll_0|sd1|pll7|clk[0]'
Slack : 0.181
TNS   : 0.000

Type  : Fast 1200mV 0C Model Hold 'pll0|altpll_0|sd1|pll7|clk[1]'
Slack : 0.184
TNS   : 0.000

Type  : Fast 1200mV 0C Model Minimum Pulse Width 'CLOCK_50'
Slack : 9.201
TNS   : 0.000

Type  : Fast 1200mV 0C Model Minimum Pulse Width 'CLOCK2_50'
Slack : 16.000
TNS   : 0.000

Type  : Fast 1200mV 0C Model Minimum Pulse Width 'CLOCK3_50'
Slack : 16.000
TNS   : 0.000

Type  : Fast 1200mV 0C Model Minimum Pulse Width 'AUD_BCLK'
Slack : 40.617
TNS   : 0.000

Type  : Fast 1200mV 0C Model Minimum Pulse Width 'pll0|altpll_0|sd1|pll7|clk[1]'
Slack : 41.446
TNS   : 0.000

Type  : Fast 1200mV 0C Model Minimum Pulse Width 'pll0|altpll_0|sd1|pll7|clk[0]'
Slack : 4999.782
TNS   : 0.000

------------------------------------------------------------
