Flow report for DE2_115
Wed Jun 03 20:09:28 2026
Quartus II 64-Bit Version 15.0.0 Build 145 04/22/2015 SJ Full Version


---------------------
; Table of Contents ;
---------------------
  1. Legal Notice
  2. Flow Summary
  3. Flow Settings
  4. Flow Non-Default Global Settings
  5. Flow Elapsed Time
  6. Flow OS Summary
  7. Flow Log
  8. Flow Messages
  9. Flow Suppressed Messages



----------------
; Legal Notice ;
----------------
Copyright (C) 1991-2015 Altera Corporation. All rights reserved.
Your use of Altera Corporation's design tools, logic functions 
and other software and tools, and its AMPP partner logic 
functions, and any output files from any of the foregoing 
(including device programming or simulation files), and any 
associated documentation or information are expressly subject 
to the terms and conditions of the Altera Program License 
Subscription Agreement, the Altera Quartus II License Agreement,
the Altera MegaCore Function License Agreement, or other 
applicable license agreement, including, without limitation, 
that your use is for the sole purpose of programming logic 
devices manufactured by Altera and sold by Altera or its 
authorized distributors.  Please refer to the applicable 
agreement for further details.



+----------------------------------------------------------------------------------+
; Flow Summary                                                                     ;
+------------------------------------+---------------------------------------------+
; Flow Status                        ; Successful - Wed Jun 03 20:09:17 2026       ;
; Quartus II 64-Bit Version          ; 15.0.0 Build 145 04/22/2015 SJ Full Version ;
; Revision Name                      ; DE2_115                                     ;
; Top-level Entity Name              ; DE2_115                                     ;
; Family                             ; Cyclone IV E                                ;
; Device                             ; EP4CE115F29C7                               ;
; Timing Models                      ; Final                                       ;
; Total logic elements               ; 3,197 / 114,480 ( 3 % )                     ;
;     Total combinational functions  ; 2,384 / 114,480 ( 2 % )                     ;
;     Dedicated logic registers      ; 1,823 / 114,480 ( 2 % )                     ;
; Total registers                    ; 1823                                        ;
; Total pins                         ; 518 / 529 ( 98 % )                          ;
; Total virtual pins                 ; 0                                           ;
; Total memory bits                  ; 303,616 / 3,981,312 ( 8 % )                 ;
; Embedded Multiplier 9-bit elements ; 4 / 532 ( < 1 % )                           ;
; Total PLLs                         ; 1 / 4 ( 25 % )                              ;
+------------------------------------+---------------------------------------------+


+-----------------------------------------+
; Flow Settings                           ;
+-------------------+---------------------+
; Option            ; Setting             ;
+-------------------+---------------------+
; Start date & time ; 06/03/2026 19:08:19 ;
; Main task         ; Compilation         ;
; Revision Name     ; DE2_115             ;
+-------------------+---------------------+


+-----------------------------------------------------------------------------------------------------------------------------------------------------+
; Flow Non-Default Global Settings                                                                                                                    ;
+-------------------------------------+--------------------------------------------------------------+---------------+-------------------+------------+
; Assignment Name                     ; Value                                                        ; Default Value ; Entity Name       ; Section Id ;
+-------------------------------------+--------------------------------------------------------------+---------------+-------------------+------------+
; COMPILER_SIGNATURE_ID               ; 96830612119463.178048489931500                               ; --            ; --                ; --         ;
; MAX_CORE_JUNCTION_TEMP              ; 85                                                           ; --            ; --                ; --         ;
; MESSAGE_DISABLE                     ; 270007                                                       ; --            ; FFT_4096_fft_ii_0 ; --         ;
; MIN_CORE_JUNCTION_TEMP              ; 0                                                            ; --            ; --                ; --         ;
; MISC_FILE                           ; FFT_4096/synthesis/../FFT_4096.cmp                           ; --            ; --                ; --         ;
; MISC_FILE                           ; FFT_4096/synthesis/../../FFT_4096.qsys                       ; --            ; --                ; --         ;
; MISC_FILE                           ; final/synthesis/../final_qsys.cmp                            ; --            ; --                ; --         ;
; MISC_FILE                           ; final/synthesis/../final_qsys.qsys                           ; --            ; --                ; --         ;
; OUTPUT_IO_TIMING_FAR_END_VMEAS      ; Half Signal Swing                                            ; --            ; --                ; --         ;
; OUTPUT_IO_TIMING_FAR_END_VMEAS      ; Half Signal Swing                                            ; --            ; --                ; --         ;
; OUTPUT_IO_TIMING_NEAR_END_VMEAS     ; Half Vccio                                                   ; --            ; --                ; --         ;
; OUTPUT_IO_TIMING_NEAR_END_VMEAS     ; Half Vccio                                                   ; --            ; --                ; --         ;
; PARTITION_COLOR                     ; 16764057                                                     ; --            ; --                ; Top        ;
; PARTITION_FITTER_PRESERVATION_LEVEL ; PLACEMENT_AND_ROUTING                                        ; --            ; --                ; Top        ;
; PARTITION_NETLIST_TYPE              ; SOURCE                                                       ; --            ; --                ; Top        ;
; POWER_BOARD_THERMAL_MODEL           ; None (CONSERVATIVE)                                          ; --            ; --                ; --         ;
; POWER_PRESET_COOLING_SOLUTION       ; 23 MM HEAT SINK WITH 200 LFPM AIRFLOW                        ; --            ; --                ; --         ;
; PROJECT_OUTPUT_DIRECTORY            ; output_files                                                 ; --            ; --                ; --         ;
; SLD_FILE                            ; FFT_4096/synthesis/FFT_4096.debuginfo                        ; --            ; --                ; --         ;
; SLD_FILE                            ; final/synthesis/final_qsys.debuginfo                         ; --            ; --                ; --         ;
; SLD_INFO                            ; QSYS_NAME FFT_4096 HAS_SOPCINFO 1 GENERATION_ID 1779889268   ; --            ; FFT_4096          ; --         ;
; SLD_INFO                            ; QSYS_NAME final_qsys HAS_SOPCINFO 1 GENERATION_ID 1778498073 ; --            ; final_qsys        ; --         ;
; SMART_RECOMPILE                     ; On                                                           ; Off           ; --                ; --         ;
; SOPCINFO_FILE                       ; FFT_4096/synthesis/../../FFT_4096.sopcinfo                   ; --            ; --                ; --         ;
; SOPCINFO_FILE                       ; final/synthesis/../final_qsys.sopcinfo                       ; --            ; --                ; --         ;
; SYNTHESIS_ONLY_QIP                  ; On                                                           ; --            ; --                ; --         ;
; SYNTHESIS_ONLY_QIP                  ; On                                                           ; --            ; --                ; --         ;
+-------------------------------------+--------------------------------------------------------------+---------------+-------------------+------------+


+-------------------------------------------------------------------------------------------------------------------------------+
; Flow Elapsed Time                                                                                                             ;
+---------------------------+--------------+-------------------------+---------------------+------------------------------------+
; Module Name               ; Elapsed Time ; Average Processors Used ; Peak Virtual Memory ; Total CPU Time (on all processors) ;
+---------------------------+--------------+-------------------------+---------------------+------------------------------------+
; Analysis & Synthesis      ; 00:00:29     ; 1.0                     ; 4991 MB             ; 00:00:36                           ;
; Fitter                    ; 00:00:33     ; 2.9                     ; 6555 MB             ; 00:00:56                           ;
; Assembler                 ; 00:00:11     ; 1.0                     ; 4761 MB             ; 00:00:04                           ;
; TimeQuest Timing Analyzer ; 00:00:10     ; 1.0                     ; 5066 MB             ; 00:00:06                           ;
; Analysis & Synthesis      ; 00:00:54     ; 1.6                     ; 4985 MB             ; 00:01:06                           ;
; Partition Merge           ; 00:00:06     ; 1.0                     ; 4812 MB             ; 00:00:01                           ;
; Fitter                    ; 00:00:40     ; 4.0                     ; 6570 MB             ; 00:01:10                           ;
; Assembler                 ; 00:00:11     ; 1.0                     ; 4763 MB             ; 00:00:05                           ;
; TimeQuest Timing Analyzer ; 00:00:10     ; 1.4                     ; 5094 MB             ; 00:00:07                           ;
; Analysis & Synthesis      ; 00:00:47     ; 1.2                     ; 5000 MB             ; 00:00:57                           ;
; Partition Merge           ; 00:00:06     ; 1.0                     ; 4912 MB             ; 00:00:02                           ;
; Analysis & Synthesis      ; 00:00:38     ; 1.0                     ; 4966 MB             ; 00:00:49                           ;
; Partition Merge           ; 00:00:06     ; 1.0                     ; 4912 MB             ; 00:00:02                           ;
; Fitter                    ; 00:00:31     ; 2.7                     ; 6575 MB             ; 00:00:48                           ;
; Assembler                 ; 00:00:11     ; 1.0                     ; 4771 MB             ; 00:00:04                           ;
; TimeQuest Timing Analyzer ; 00:00:09     ; 1.2                     ; 5086 MB             ; 00:00:07                           ;
; Analysis & Synthesis      ; 00:00:39     ; 1.0                     ; 4969 MB             ; 00:00:48                           ;
; Partition Merge           ; 00:00:05     ; 1.0                     ; 4913 MB             ; 00:00:02                           ;
; Fitter                    ; 00:00:32     ; 4.1                     ; 6578 MB             ; 00:00:48                           ;
; Assembler                 ; 00:00:10     ; 1.0                     ; 4766 MB             ; 00:00:04                           ;
; TimeQuest Timing Analyzer ; 00:00:10     ; 1.4                     ; 5086 MB             ; 00:00:06                           ;
; Analysis & Synthesis      ; 00:00:47     ; 1.0                     ; 5025 MB             ; 00:00:56                           ;
; Partition Merge           ; 00:00:05     ; 1.0                     ; 4812 MB             ; 00:00:01                           ;
; Fitter                    ; 00:00:38     ; 2.2                     ; 6588 MB             ; 00:01:10                           ;
; Assembler                 ; 00:00:11     ; 1.0                     ; 4766 MB             ; 00:00:04                           ;
; TimeQuest Timing Analyzer ; 00:00:10     ; 1.0                     ; 5085 MB             ; 00:00:06                           ;
; Analysis & Synthesis      ; 00:00:38     ; 1.0                     ; 4968 MB             ; 00:00:50                           ;
; Partition Merge           ; 00:00:06     ; 1.0                     ; 4928 MB             ; 00:00:02                           ;
; Fitter                    ; 00:00:32     ; 3.0                     ; 6587 MB             ; 00:00:48                           ;
; Assembler                 ; 00:00:11     ; 1.0                     ; 4768 MB             ; 00:00:04                           ;
; TimeQuest Timing Analyzer ; 00:00:09     ; 3.8                     ; 5086 MB             ; 00:00:06                           ;
; Analysis & Synthesis      ; 00:00:38     ; 1.0                     ; 4969 MB             ; 00:00:48                           ;
; Partition Merge           ; 00:00:06     ; 1.0                     ; 4910 MB             ; 00:00:02                           ;
; Fitter                    ; 00:00:32     ; 3.6                     ; 6581 MB             ; 00:00:46                           ;
; Assembler                 ; 00:00:11     ; 1.0                     ; 4765 MB             ; 00:00:04                           ;
; TimeQuest Timing Analyzer ; 00:00:10     ; 1.0                     ; 5085 MB             ; 00:00:07                           ;
; Total                     ; 00:12:32     ; --                      ; --                  ; 00:14:42                           ;
+---------------------------+--------------+-------------------------+---------------------+------------------------------------+


+----------------------------------------------------------------------------------------+
; Flow OS Summary                                                                        ;
+---------------------------+------------------+-----------+------------+----------------+
; Module Name               ; Machine Hostname ; OS Name   ; OS Version ; Processor type ;
+---------------------------+------------------+-----------+------------+----------------+
; Analysis & Synthesis      ; £]£e£n           ; Windows 7 ; 6.2        ; x86_64         ;
; Fitter                    ; £]£e£n           ; Windows 7 ; 6.2        ; x86_64         ;
; Assembler                 ; £]£e£n           ; Windows 7 ; 6.2        ; x86_64         ;
; TimeQuest Timing Analyzer ; £]£e£n           ; Windows 7 ; 6.2        ; x86_64         ;
; Analysis & Synthesis      ; £]£e£n           ; Windows 7 ; 6.2        ; x86_64         ;
; Partition Merge           ; £]£e£n           ; Windows 7 ; 6.2        ; x86_64         ;
; Fitter                    ; £]£e£n           ; Windows 7 ; 6.2        ; x86_64         ;
; Assembler                 ; £]£e£n           ; Windows 7 ; 6.2        ; x86_64         ;
; TimeQuest Timing Analyzer ; £]£e£n           ; Windows 7 ; 6.2        ; x86_64         ;
; Analysis & Synthesis      ; £]£e£n           ; Windows 7 ; 6.2        ; x86_64         ;
; Partition Merge           ; £]£e£n           ; Windows 7 ; 6.2        ; x86_64         ;
; Analysis & Synthesis      ; £]£e£n           ; Windows 7 ; 6.2        ; x86_64         ;
; Partition Merge           ; £]£e£n           ; Windows 7 ; 6.2        ; x86_64         ;
; Fitter                    ; £]£e£n           ; Windows 7 ; 6.2        ; x86_64         ;
; Assembler                 ; £]£e£n           ; Windows 7 ; 6.2        ; x86_64         ;
; TimeQuest Timing Analyzer ; £]£e£n           ; Windows 7 ; 6.2        ; x86_64         ;
; Analysis & Synthesis      ; £]£e£n           ; Windows 7 ; 6.2        ; x86_64         ;
; Partition Merge           ; £]£e£n           ; Windows 7 ; 6.2        ; x86_64         ;
; Fitter                    ; £]£e£n           ; Windows 7 ; 6.2        ; x86_64         ;
; Assembler                 ; £]£e£n           ; Windows 7 ; 6.2        ; x86_64         ;
; TimeQuest Timing Analyzer ; £]£e£n           ; Windows 7 ; 6.2        ; x86_64         ;
; Analysis & Synthesis      ; £]£e£n           ; Windows 7 ; 6.2        ; x86_64         ;
; Partition Merge           ; £]£e£n           ; Windows 7 ; 6.2        ; x86_64         ;
; Fitter                    ; £]£e£n           ; Windows 7 ; 6.2        ; x86_64         ;
; Assembler                 ; £]£e£n           ; Windows 7 ; 6.2        ; x86_64         ;
; TimeQuest Timing Analyzer ; £]£e£n           ; Windows 7 ; 6.2        ; x86_64         ;
; Analysis & Synthesis      ; £]£e£n           ; Windows 7 ; 6.2        ; x86_64         ;
; Partition Merge           ; £]£e£n           ; Windows 7 ; 6.2        ; x86_64         ;
; Fitter                    ; £]£e£n           ; Windows 7 ; 6.2        ; x86_64         ;
; Assembler                 ; £]£e£n           ; Windows 7 ; 6.2        ; x86_64         ;
; TimeQuest Timing Analyzer ; £]£e£n           ; Windows 7 ; 6.2        ; x86_64         ;
; Analysis & Synthesis      ; £]£e£n           ; Windows 7 ; 6.2        ; x86_64         ;
; Partition Merge           ; £]£e£n           ; Windows 7 ; 6.2        ; x86_64         ;
; Fitter                    ; £]£e£n           ; Windows 7 ; 6.2        ; x86_64         ;
; Assembler                 ; £]£e£n           ; Windows 7 ; 6.2        ; x86_64         ;
; TimeQuest Timing Analyzer ; £]£e£n           ; Windows 7 ; 6.2        ; x86_64         ;
+---------------------------+------------------+-----------+------------+----------------+


------------
; Flow Log ;
------------
quartus_map --read_settings_files=on --write_settings_files=off DE2_115 -c DE2_115
quartus_fit --read_settings_files=off --write_settings_files=off DE2_115 -c DE2_115
quartus_asm --read_settings_files=off --write_settings_files=off DE2_115 -c DE2_115
quartus_sta DE2_115 -c DE2_115
quartus_map --read_settings_files=on --write_settings_files=off DE2_115 -c DE2_115
quartus_cdb --read_settings_files=off --write_settings_files=off DE2_115 -c DE2_115 --merge=on
quartus_fit --read_settings_files=off --write_settings_files=off DE2_115 -c DE2_115
quartus_asm --read_settings_files=off --write_settings_files=off DE2_115 -c DE2_115
quartus_sta DE2_115 -c DE2_115
quartus_map --read_settings_files=on --write_settings_files=off DE2_115 -c DE2_115
quartus_cdb --read_settings_files=off --write_settings_files=off DE2_115 -c DE2_115 --merge=on
quartus_map --read_settings_files=on --write_settings_files=off DE2_115 -c DE2_115
quartus_cdb --read_settings_files=off --write_settings_files=off DE2_115 -c DE2_115 --merge=on
quartus_fit --read_settings_files=off --write_settings_files=off DE2_115 -c DE2_115
quartus_asm --read_settings_files=off --write_settings_files=off DE2_115 -c DE2_115
quartus_sta DE2_115 -c DE2_115
quartus_map --read_settings_files=on --write_settings_files=off DE2_115 -c DE2_115
quartus_cdb --read_settings_files=off --write_settings_files=off DE2_115 -c DE2_115 --merge=on
quartus_fit --read_settings_files=off --write_settings_files=off DE2_115 -c DE2_115
quartus_asm --read_settings_files=off --write_settings_files=off DE2_115 -c DE2_115
quartus_sta DE2_115 -c DE2_115
quartus_map --read_settings_files=on --write_settings_files=off DE2_115 -c DE2_115
quartus_cdb --read_settings_files=off --write_settings_files=off DE2_115 -c DE2_115 --merge=on
quartus_fit --read_settings_files=off --write_settings_files=off DE2_115 -c DE2_115
quartus_asm --read_settings_files=off --write_settings_files=off DE2_115 -c DE2_115
quartus_sta DE2_115 -c DE2_115
quartus_map --read_settings_files=on --write_settings_files=off DE2_115 -c DE2_115
quartus_cdb --read_settings_files=off --write_settings_files=off DE2_115 -c DE2_115 --merge=on
quartus_fit --read_settings_files=off --write_settings_files=off DE2_115 -c DE2_115
quartus_asm --read_settings_files=off --write_settings_files=off DE2_115 -c DE2_115
quartus_sta DE2_115 -c DE2_115
quartus_map --read_settings_files=on --write_settings_files=off DE2_115 -c DE2_115
quartus_cdb --read_settings_files=off --write_settings_files=off DE2_115 -c DE2_115 --merge=on
quartus_fit --read_settings_files=off --write_settings_files=off DE2_115 -c DE2_115
quartus_asm --read_settings_files=off --write_settings_files=off DE2_115 -c DE2_115
quartus_sta DE2_115 -c DE2_115



