Info: Starting: Create simulation model
Info: qsys-generate C:\Users\DCLAB\Documents\GitHub\DCLAB_2026_team05\Final\src\fft_0519.qsys --simulation=VERILOG --allow-mixed-language-simulation --output-directory=C:\Users\DCLAB\Documents\GitHub\DCLAB_2026_team05\Final\src\fft_0519\simulation --family="Cyclone IV E" --part=EP4CE115F29C7
Progress: Loading src/fft_0519.qsys
Progress: Reading input file
Progress: Adding fft_ii_0 [altera_fft_ii 15.0]
Progress: Parameterizing module fft_ii_0
Progress: Building connections
Progress: Parameterizing connections
Progress: Validating
Progress: Done reading input file
Info: fft_0519: Generating fft_0519 "fft_0519" for SIM_VERILOG
Info: fft_ii_0: Created simgen file at: C:/Users/DCLAB/AppData/Local/Temp/alt0592_3450993904664725594.dir/0001_fft_ii_0_gen/fft_0519_fft_ii_0.vo
Info: fft_ii_0: "fft_0519" instantiated altera_fft_ii "fft_ii_0"
Info: fft_0519: Done "fft_0519" with 2 modules, 8 files
Info: ip-generate succeeded.
Info: Finished: Create simulation model
Info: Starting: Create Modelsim Project.
Info: sim-script-gen --spd=C:\Users\DCLAB\Documents\GitHub\DCLAB_2026_team05\Final\src\fft_0519\fft_0519.spd --output-directory=C:/Users/DCLAB/Documents/GitHub/DCLAB_2026_team05/Final/src/fft_0519/simulation/ --use-relative-paths=true
Info: Doing: ip-make-simscript --spd=C:\Users\DCLAB\Documents\GitHub\DCLAB_2026_team05\Final\src\fft_0519\fft_0519.spd --output-directory=C:/Users/DCLAB/Documents/GitHub/DCLAB_2026_team05/Final/src/fft_0519/simulation/ --use-relative-paths=true
Info: Generating the following file(s) for MODELSIM simulator in C:/Users/DCLAB/Documents/GitHub/DCLAB_2026_team05/Final/src/fft_0519/simulation/ directory:
Info: 	mentor/msim_setup.tcl
Info: Generating the following file(s) for VCS simulator in C:/Users/DCLAB/Documents/GitHub/DCLAB_2026_team05/Final/src/fft_0519/simulation/ directory:
Info: 	synopsys/vcs/vcs_setup.sh
Info: Generating the following file(s) for VCSMX simulator in C:/Users/DCLAB/Documents/GitHub/DCLAB_2026_team05/Final/src/fft_0519/simulation/ directory:
Info: 	synopsys/vcsmx/synopsys_sim.setup
Info: 	synopsys/vcsmx/vcsmx_setup.sh
Info: Generating the following file(s) for NCSIM simulator in C:/Users/DCLAB/Documents/GitHub/DCLAB_2026_team05/Final/src/fft_0519/simulation/ directory:
Info: 	cadence/cds.lib
Info: 	cadence/hdl.var
Info: 	cadence/ncsim_setup.sh
Info: 	1 .cds.lib files in cadence/cds_libs/ directory
Info: Generating the following file(s) for RIVIERA simulator in C:/Users/DCLAB/Documents/GitHub/DCLAB_2026_team05/Final/src/fft_0519/simulation/ directory:
Info: 	aldec/rivierapro_setup.tcl
Info: Finished: Create Modelsim Project.
Info: Starting: Create block symbol file (.bsf)
Info: qsys-generate C:\Users\DCLAB\Documents\GitHub\DCLAB_2026_team05\Final\src\fft_0519.qsys --block-symbol-file --output-directory=C:\Users\DCLAB\Documents\GitHub\DCLAB_2026_team05\Final\src\fft_0519 --family="Cyclone IV E" --part=EP4CE115F29C7
Progress: Loading src/fft_0519.qsys
Progress: Reading input file
Progress: Adding fft_ii_0 [altera_fft_ii 15.0]
Progress: Parameterizing module fft_ii_0
Progress: Building connections
Progress: Parameterizing connections
Progress: Validating
Progress: Done reading input file
Info: ip-generate succeeded.
Info: Finished: Create block symbol file (.bsf)
Info: 
Info: Starting: Create HDL design files for synthesis
Info: qsys-generate C:\Users\DCLAB\Documents\GitHub\DCLAB_2026_team05\Final\src\fft_0519.qsys --synthesis=VERILOG --output-directory=C:\Users\DCLAB\Documents\GitHub\DCLAB_2026_team05\Final\src\fft_0519\synthesis --family="Cyclone IV E" --part=EP4CE115F29C7
Progress: Loading src/fft_0519.qsys
Progress: Reading input file
Progress: Adding fft_ii_0 [altera_fft_ii 15.0]
Progress: Parameterizing module fft_ii_0
Progress: Building connections
Progress: Parameterizing connections
Progress: Validating
Progress: Done reading input file
Info: fft_0519: Generating fft_0519 "fft_0519" for QUARTUS_SYNTH
Info: fft_ii_0: "fft_0519" instantiated altera_fft_ii "fft_ii_0"
Info: fft_0519: Done "fft_0519" with 2 modules, 106 files
Info: ip-generate succeeded.
Info: Finished: Create HDL design files for synthesis
