Info: Starting: Create block symbol file (.bsf)
Info: qsys-generate C:\Mac\Home\Desktop\Iclk_25M.qsys --block-symbol-file --output-directory=C:\Mac\Home\Desktop\Iclk_25M --family="Cyclone IV E" --part=Unknown
Progress: Loading Desktop/Iclk_25M.qsys
Progress: Reading input file
Progress: Adding altpll_0 [altpll 15.0]
Progress: Parameterizing module altpll_0
Progress: Adding clk_0 [clock_source 15.0]
Progress: Parameterizing module clk_0
Progress: Building connections
Progress: Parameterizing connections
Progress: Validating
Progress: Done reading input file
Warning: Iclk_25M.altpll_0: altpll_0.areset_conduit must be exported, or connected to a matching conduit.
Warning: Iclk_25M.altpll_0: altpll_0.locked_conduit must be exported, or connected to a matching conduit.
Warning: Iclk_25M.altpll_0: altpll_0.phasedone_conduit must be exported, or connected to a matching conduit.
Warning: Iclk_25M.altpll_0: altpll_0.pll_slave must be connected to an Avalon-MM master
Info: ip-generate succeeded.
Info: Finished: Create block symbol file (.bsf)
Info: 
Info: Starting: Create HDL design files for synthesis
Info: qsys-generate C:\Mac\Home\Desktop\Iclk_25M.qsys --synthesis=VERILOG --output-directory=C:\Mac\Home\Desktop\Iclk_25M\synthesis --family="Cyclone IV E" --part=Unknown
Progress: Loading Desktop/Iclk_25M.qsys
Progress: Reading input file
Progress: Adding altpll_0 [altpll 15.0]
Progress: Parameterizing module altpll_0
Progress: Adding clk_0 [clock_source 15.0]
Progress: Parameterizing module clk_0
Progress: Building connections
Progress: Parameterizing connections
Progress: Validating
Progress: Done reading input file
Warning: Iclk_25M.altpll_0: altpll_0.areset_conduit must be exported, or connected to a matching conduit.
Warning: Iclk_25M.altpll_0: altpll_0.locked_conduit must be exported, or connected to a matching conduit.
Warning: Iclk_25M.altpll_0: altpll_0.phasedone_conduit must be exported, or connected to a matching conduit.
Warning: Iclk_25M.altpll_0: altpll_0.pll_slave must be connected to an Avalon-MM master
Info: Iclk_25M: Generating Iclk_25M "Iclk_25M" for QUARTUS_SYNTH
Info: altpll_0: "Iclk_25M" instantiated altpll "altpll_0"
Info: rst_controller: "Iclk_25M" instantiated altera_reset_controller "rst_controller"
Info: Iclk_25M: Done "Iclk_25M" with 3 modules, 5 files
Info: ip-generate succeeded.
Info: Finished: Create HDL design files for synthesis
