------------------------------------------------------------
TimeQuest Timing Analyzer Summary
------------------------------------------------------------

Type  : Slow 1200mV 85C Model Setup 'AUD_BCLK'
Slack : -4.697
TNS   : -145.406

Type  : Slow 1200mV 85C Model Setup 'pll0|altpll_0|sd1|pll7|clk[1]'
Slack : 76.574
TNS   : 0.000

Type  : Slow 1200mV 85C Model Setup 'pll0|altpll_0|sd1|pll7|clk[0]'
Slack : 80.487
TNS   : 0.000

Type  : Slow 1200mV 85C Model Hold 'pll0|altpll_0|sd1|pll7|clk[0]'
Slack : 0.403
TNS   : 0.000

Type  : Slow 1200mV 85C Model Hold 'pll0|altpll_0|sd1|pll7|clk[1]'
Slack : 0.403
TNS   : 0.000

Type  : Slow 1200mV 85C Model Hold 'AUD_BCLK'
Slack : 0.440
TNS   : 0.000

Type  : Slow 1200mV 85C Model Minimum Pulse Width 'CLOCK_50'
Slack : 9.819
TNS   : 0.000

Type  : Slow 1200mV 85C Model Minimum Pulse Width 'CLOCK2_50'
Slack : 16.000
TNS   : 0.000

Type  : Slow 1200mV 85C Model Minimum Pulse Width 'CLOCK3_50'
Slack : 16.000
TNS   : 0.000

Type  : Slow 1200mV 85C Model Minimum Pulse Width 'AUD_BCLK'
Slack : 40.967
TNS   : 0.000

Type  : Slow 1200mV 85C Model Minimum Pulse Width 'pll0|altpll_0|sd1|pll7|clk[1]'
Slack : 41.374
TNS   : 0.000

Type  : Slow 1200mV 85C Model Minimum Pulse Width 'pll0|altpll_0|sd1|pll7|clk[0]'
Slack : 4999.708
TNS   : 0.000

Type  : Slow 1200mV 0C Model Setup 'AUD_BCLK'
Slack : -4.544
TNS   : -139.023

Type  : Slow 1200mV 0C Model Setup 'pll0|altpll_0|sd1|pll7|clk[1]'
Slack : 77.167
TNS   : 0.000

Type  : Slow 1200mV 0C Model Setup 'pll0|altpll_0|sd1|pll7|clk[0]'
Slack : 80.742
TNS   : 0.000

Type  : Slow 1200mV 0C Model Hold 'pll0|altpll_0|sd1|pll7|clk[0]'
Slack : 0.355
TNS   : 0.000

Type  : Slow 1200mV 0C Model Hold 'pll0|altpll_0|sd1|pll7|clk[1]'
Slack : 0.355
TNS   : 0.000

Type  : Slow 1200mV 0C Model Hold 'AUD_BCLK'
Slack : 0.387
TNS   : 0.000

Type  : Slow 1200mV 0C Model Minimum Pulse Width 'CLOCK_50'
Slack : 9.799
TNS   : 0.000

Type  : Slow 1200mV 0C Model Minimum Pulse Width 'CLOCK2_50'
Slack : 16.000
TNS   : 0.000

Type  : Slow 1200mV 0C Model Minimum Pulse Width 'CLOCK3_50'
Slack : 16.000
TNS   : 0.000

Type  : Slow 1200mV 0C Model Minimum Pulse Width 'AUD_BCLK'
Slack : 41.027
TNS   : 0.000

Type  : Slow 1200mV 0C Model Minimum Pulse Width 'pll0|altpll_0|sd1|pll7|clk[1]'
Slack : 41.376
TNS   : 0.000

Type  : Slow 1200mV 0C Model Minimum Pulse Width 'pll0|altpll_0|sd1|pll7|clk[0]'
Slack : 4999.711
TNS   : 0.000

Type  : Fast 1200mV 0C Model Setup 'AUD_BCLK'
Slack : -2.019
TNS   : -64.778

Type  : Fast 1200mV 0C Model Setup 'pll0|altpll_0|sd1|pll7|clk[1]'
Slack : 79.971
TNS   : 0.000

Type  : Fast 1200mV 0C Model Setup 'pll0|altpll_0|sd1|pll7|clk[0]'
Slack : 81.878
TNS   : 0.000

Type  : Fast 1200mV 0C Model Hold 'pll0|altpll_0|sd1|pll7|clk[0]'
Slack : 0.182
TNS   : 0.000

Type  : Fast 1200mV 0C Model Hold 'pll0|altpll_0|sd1|pll7|clk[1]'
Slack : 0.182
TNS   : 0.000

Type  : Fast 1200mV 0C Model Hold 'AUD_BCLK'
Slack : 0.199
TNS   : 0.000

Type  : Fast 1200mV 0C Model Minimum Pulse Width 'CLOCK_50'
Slack : 9.400
TNS   : 0.000

Type  : Fast 1200mV 0C Model Minimum Pulse Width 'CLOCK2_50'
Slack : 16.000
TNS   : 0.000

Type  : Fast 1200mV 0C Model Minimum Pulse Width 'CLOCK3_50'
Slack : 16.000
TNS   : 0.000

Type  : Fast 1200mV 0C Model Minimum Pulse Width 'AUD_BCLK'
Slack : 40.660
TNS   : 0.000

Type  : Fast 1200mV 0C Model Minimum Pulse Width 'pll0|altpll_0|sd1|pll7|clk[1]'
Slack : 41.446
TNS   : 0.000

Type  : Fast 1200mV 0C Model Minimum Pulse Width 'pll0|altpll_0|sd1|pll7|clk[0]'
Slack : 4999.782
TNS   : 0.000

------------------------------------------------------------
