Flow report for DE2_115
Wed Apr 29 18:18:41 2026
Quartus II 64-Bit Version 15.0.0 Build 145 04/22/2015 SJ Full Version


---------------------
; Table of Contents ;
---------------------
  1. Legal Notice
  2. Flow Summary
  3. Flow Settings
  4. Flow Non-Default Global Settings
  5. Flow Elapsed Time
  6. Flow OS Summary
  7. Flow Log
  8. Flow Messages
  9. Flow Suppressed Messages



----------------
; Legal Notice ;
----------------
Copyright (C) 1991-2015 Altera Corporation. All rights reserved.
Your use of Altera Corporation's design tools, logic functions 
and other software and tools, and its AMPP partner logic 
functions, and any output files from any of the foregoing 
(including device programming or simulation files), and any 
associated documentation or information are expressly subject 
to the terms and conditions of the Altera Program License 
Subscription Agreement, the Altera Quartus II License Agreement,
the Altera MegaCore Function License Agreement, or other 
applicable license agreement, including, without limitation, 
that your use is for the sole purpose of programming logic 
devices manufactured by Altera and sold by Altera or its 
authorized distributors.  Please refer to the applicable 
agreement for further details.



+----------------------------------------------------------------------------------+
; Flow Summary                                                                     ;
+------------------------------------+---------------------------------------------+
; Flow Status                        ; Successful - Wed Apr 29 18:18:26 2026       ;
; Quartus II 64-Bit Version          ; 15.0.0 Build 145 04/22/2015 SJ Full Version ;
; Revision Name                      ; DE2_115                                     ;
; Top-level Entity Name              ; DE2_115                                     ;
; Family                             ; Cyclone IV E                                ;
; Device                             ; EP4CE115F29C7                               ;
; Timing Models                      ; Final                                       ;
; Total logic elements               ; 921 / 114,480 ( < 1 % )                     ;
;     Total combinational functions  ; 891 / 114,480 ( < 1 % )                     ;
;     Dedicated logic registers      ; 194 / 114,480 ( < 1 % )                     ;
; Total registers                    ; 194                                         ;
; Total pins                         ; 518 / 529 ( 98 % )                          ;
; Total virtual pins                 ; 0                                           ;
; Total memory bits                  ; 0 / 3,981,312 ( 0 % )                       ;
; Embedded Multiplier 9-bit elements ; 2 / 532 ( < 1 % )                           ;
; Total PLLs                         ; 1 / 4 ( 25 % )                              ;
+------------------------------------+---------------------------------------------+


+-----------------------------------------+
; Flow Settings                           ;
+-------------------+---------------------+
; Option            ; Setting             ;
+-------------------+---------------------+
; Start date & time ; 04/29/2026 18:17:34 ;
; Main task         ; Compilation         ;
; Revision Name     ; DE2_115             ;
+-------------------+---------------------+


+-------------------------------------------------------------------------------------------------------------------------------------------------------------------+
; Flow Non-Default Global Settings                                                                                                                                  ;
+-------------------------------------+----------------------------------------------------------------------------------+---------------+-------------+------------+
; Assignment Name                     ; Value                                                                            ; Default Value ; Entity Name ; Section Id ;
+-------------------------------------+----------------------------------------------------------------------------------+---------------+-------------+------------+
; COMPILER_SIGNATURE_ID               ; 13870905072823.177745785405020                                                   ; --            ; --          ; --         ;
; MAX_CORE_JUNCTION_TEMP              ; 85                                                                               ; --            ; --          ; --         ;
; MIN_CORE_JUNCTION_TEMP              ; 0                                                                                ; --            ; --          ; --         ;
; MISC_FILE                           ; lab3_qsys/synthesis/../lab3_qsys.cmp                                             ; --            ; --          ; --         ;
; MISC_FILE                           ; lab3_qsys/synthesis/../../../../../../../../../../altera/15.0/lab3_qsys.qsys     ; --            ; --          ; --         ;
; NOMINAL_CORE_SUPPLY_VOLTAGE         ; 1.2V                                                                             ; --            ; --          ; --         ;
; PARTITION_COLOR                     ; 16764057                                                                         ; --            ; --          ; Top        ;
; PARTITION_FITTER_PRESERVATION_LEVEL ; PLACEMENT_AND_ROUTING                                                            ; --            ; --          ; Top        ;
; PARTITION_NETLIST_TYPE              ; SOURCE                                                                           ; --            ; --          ; Top        ;
; POWER_BOARD_THERMAL_MODEL           ; None (CONSERVATIVE)                                                              ; --            ; --          ; --         ;
; POWER_PRESET_COOLING_SOLUTION       ; 23 MM HEAT SINK WITH 200 LFPM AIRFLOW                                            ; --            ; --          ; --         ;
; PROJECT_OUTPUT_DIRECTORY            ; output_files                                                                     ; --            ; --          ; --         ;
; SLD_FILE                            ; lab3_qsys/synthesis/lab3_qsys.debuginfo                                          ; --            ; --          ; --         ;
; SLD_INFO                            ; QSYS_NAME lab3_qsys HAS_SOPCINFO 1 GENERATION_ID 1777371923                      ; --            ; lab3_qsys   ; --         ;
; SMART_RECOMPILE                     ; On                                                                               ; Off           ; --          ; --         ;
; SOPCINFO_FILE                       ; lab3_qsys/synthesis/../../../../../../../../../../altera/15.0/lab3_qsys.sopcinfo ; --            ; --          ; --         ;
; SYNTHESIS_ONLY_QIP                  ; On                                                                               ; --            ; --          ; --         ;
+-------------------------------------+----------------------------------------------------------------------------------+---------------+-------------+------------+


+-------------------------------------------------------------------------------------------------------------------------------+
; Flow Elapsed Time                                                                                                             ;
+---------------------------+--------------+-------------------------+---------------------+------------------------------------+
; Module Name               ; Elapsed Time ; Average Processors Used ; Peak Virtual Memory ; Total CPU Time (on all processors) ;
+---------------------------+--------------+-------------------------+---------------------+------------------------------------+
; Analysis & Synthesis      ; 00:00:15     ; 1.0                     ; 4891 MB             ; 00:00:23                           ;
; Fitter                    ; 00:00:25     ; 1.6                     ; 6034 MB             ; 00:00:36                           ;
; Assembler                 ; 00:00:10     ; 1.0                     ; 4768 MB             ; 00:00:05                           ;
; TimeQuest Timing Analyzer ; 00:00:13     ; 2.3                     ; 5000 MB             ; 00:00:10                           ;
; Total                     ; 00:01:03     ; --                      ; --                  ; 00:01:14                           ;
+---------------------------+--------------+-------------------------+---------------------+------------------------------------+


+----------------------------------------------------------------------------------------+
; Flow OS Summary                                                                        ;
+---------------------------+------------------+-----------+------------+----------------+
; Module Name               ; Machine Hostname ; OS Name   ; OS Version ; Processor type ;
+---------------------------+------------------+-----------+------------+----------------+
; Analysis & Synthesis      ; DCLAB-GROUP5     ; Windows 7 ; 6.2        ; x86_64         ;
; Fitter                    ; DCLAB-GROUP5     ; Windows 7 ; 6.2        ; x86_64         ;
; Assembler                 ; DCLAB-GROUP5     ; Windows 7 ; 6.2        ; x86_64         ;
; TimeQuest Timing Analyzer ; DCLAB-GROUP5     ; Windows 7 ; 6.2        ; x86_64         ;
+---------------------------+------------------+-----------+------------+----------------+


------------
; Flow Log ;
------------
quartus_map --read_settings_files=on --write_settings_files=off DE2_115 -c DE2_115
quartus_fit --read_settings_files=off --write_settings_files=off DE2_115 -c DE2_115
quartus_asm --read_settings_files=off --write_settings_files=off DE2_115 -c DE2_115
quartus_sta DE2_115 -c DE2_115



