Info: Starting: Create block symbol file (.bsf)
Info: qsys-generate C:\Users\DCLAB\Desktop\final\final_qsys.qsys --block-symbol-file --output-directory=C:\Users\DCLAB\Desktop\final --family="Cyclone IV E" --part=Unknown
Progress: Loading final/final_qsys.qsys
Progress: Reading input file
Progress: Adding altpll_0 [altpll 15.0]
Progress: Parameterizing module altpll_0
Progress: Adding clk_0 [clock_source 15.0]
Progress: Parameterizing module clk_0
Progress: Building connections
Progress: Parameterizing connections
Progress: Validating
Progress: Done reading input file
Warning: final_qsys.altpll_0: altpll_0.areset_conduit must be exported, or connected to a matching conduit.
Warning: final_qsys.altpll_0: altpll_0.locked_conduit must be exported, or connected to a matching conduit.
Warning: final_qsys.altpll_0: altpll_0.phasedone_conduit must be exported, or connected to a matching conduit.
Warning: final_qsys.altpll_0: altpll_0.pll_slave must be connected to an Avalon-MM master
Info: ip-generate succeeded.
Info: Finished: Create block symbol file (.bsf)
Info: 
Info: Starting: Create HDL design files for synthesis
Info: qsys-generate C:\Users\DCLAB\Desktop\final\final_qsys.qsys --synthesis=VERILOG --output-directory=C:\Users\DCLAB\Desktop\final\synthesis --family="Cyclone IV E" --part=Unknown
Progress: Loading final/final_qsys.qsys
Progress: Reading input file
Progress: Adding altpll_0 [altpll 15.0]
Progress: Parameterizing module altpll_0
Progress: Adding clk_0 [clock_source 15.0]
Progress: Parameterizing module clk_0
Progress: Building connections
Progress: Parameterizing connections
Progress: Validating
Progress: Done reading input file
Warning: final_qsys.altpll_0: altpll_0.areset_conduit must be exported, or connected to a matching conduit.
Warning: final_qsys.altpll_0: altpll_0.locked_conduit must be exported, or connected to a matching conduit.
Warning: final_qsys.altpll_0: altpll_0.phasedone_conduit must be exported, or connected to a matching conduit.
Warning: final_qsys.altpll_0: altpll_0.pll_slave must be connected to an Avalon-MM master
Info: final_qsys: Generating final_qsys "final_qsys" for QUARTUS_SYNTH
Info: altpll_0: "final_qsys" instantiated altpll "altpll_0"
Info: rst_controller: "final_qsys" instantiated altera_reset_controller "rst_controller"
Info: final_qsys: Done "final_qsys" with 3 modules, 5 files
Info: ip-generate succeeded.
Info: Finished: Create HDL design files for synthesis
